// Vitest Snapshot v1, https://vitest.dev/guide/snapshot.html

exports[`fs service > should return ReadDirError when fs.readdir fails 1`] = `[(FiberFailure) fs/ReadDirError: An error has occurred]`;
